[backblue.gif]
[fade.gif]
[index.html]
[www.jbc-japan.co.jp/_p/acre/9783/images/pc/d4737e66.gif]
[www.jbc-japan.co.jp/_p/acre/9783/images/pc/a36d2632.jpg]
[www.jbc-japan.co.jp/_master/acre/themes/030-L25/pc/themed057.css]
[www.jbc-japan.co.jp/_p/acre/9783/images/pc/072d8a9c.jpg]
[www.jbc-japan.co.jp/_p/acre/9783/images/pc/6e1f5bdb.jpg]
[www.jbc-japan.co.jp/_p/acre/9783/images/pc/3d8d1ef5.jpg]
[www.jbc-japan.co.jp/_p/acre/9783/images/pc/a9633794.jpg]
[www.jbc-japan.co.jp/_p/acre/9783/documents/20191016JBCall.pdf]
[www.jbc-japan.co.jp/_p/acre/9783/images/pc/d1c1bdbd.jpg]
[www.jbc-japan.co.jp/_p/acre/9783/images/pc/01064de9.jpg]
[www.jbc-japan.co.jp/_p/acre/9783/images/pc/298a2d8d.jpg]
[www.jbc-japan.co.jp/_p/acre/9783/images/pc/f1b3eb8d.jpg]
[www.jbc-japan.co.jp/_p/acre/9783/images/pc/406133e7.jpg]
[www.jbc-japan.co.jp/_p/acre/9783/images/pc/0b3dd1ea.jpg]
[www.jbc-japan.co.jp/_p/acre/9783/images/pc/445d051b.jpg]
[cdnjs.cloudflare.com/ajax/libs/object-fit-images/3.2.4/ofi.min.js]
[www.jbc-japan.co.jp/cms_v2/_master/acre/common/js/form.js]
[www.jbc-japan.co.jp/cms_v2/_master/acre/common/js/pcd057.js]
[www.jbc-japan.co.jp/cms_v2/_master/acre/common/js/pc2d057.js]
[www.jbc-japan.co.jp/index.html]
[www.jbc-japan.co.jp/_master/acre/themes/030-L25/imgs/lightbox/close.png]
[www.jbc-japan.co.jp/_master/acre/themes/030-L25/imgs/lightbox/loading.gif]
[www.jbc-japan.co.jp/_master/acre/themes/030-L25/imgs/lightbox/prev.png]
[www.jbc-japan.co.jp/_master/acre/themes/030-L25/imgs/lightbox/next.png]
[www.jbc-japan.co.jp/_master/acre/themes/030-L25/imgs/t0-b-footerMenu/bg.png]
[www.jbc-japan.co.jp/_master/acre/themes/030-L25/imgs/t0-b-frameWithHCaptionNumIcon/2/bg5.png]
[www.jbc-japan.co.jp/_master/acre/themes/030-L25/imgs/t0-b-frameWithHCaptionNumIcon/2/bg.png]
[www.jbc-japan.co.jp/_master/acre/themes/030-L25/imgs/t0-b-frameWithHCaptionNumIcon/2/bg2.png]
[www.jbc-japan.co.jp/_master/acre/themes/030-L25/imgs/t0-b-frameWithHCaptionNumIcon/2/bg3.png]
[www.jbc-japan.co.jp/_master/acre/themes/030-L25/imgs/t0-b-frameWithHCaptionNumIcon/2/bg4.png]
[www.jbc-japan.co.jp/_master/acre/themes/030-L25/imgs/t0-b-twoColsMediaWithNumIcon/bg2.png]
[www.jbc-japan.co.jp/_master/acre/themes/030-L25/imgs/t0-b-twoColsMediaWithNumIcon/bg.png]
[www.jbc-japan.co.jp/_master/acre/themes/030-L25/imgs/t0-b-lv4H-numIcon__icon/anshin/bg.png]
[www.jbc-japan.co.jp/_master/acre/themes/030-L25/imgs/t0-b-lv4H-numIcon__icon/concept/bg.png]
[www.jbc-japan.co.jp/_master/acre/themes/030-L25/imgs/t0-b-lv4H-numIcon__icon/houshin/bg.png]
[www.jbc-japan.co.jp/_master/acre/themes/030-L25/imgs/t0-b-lv4H-numIcon__icon/kodawari/bg.png]
[www.jbc-japan.co.jp/_master/acre/themes/030-L25/imgs/t0-b-lv4H-numIcon__icon/merit/bg.png]
[www.jbc-japan.co.jp/_master/acre/themes/030-L25/imgs/t0-b-lv4H-numIcon__icon/oyakusoku/bg.png]
[www.jbc-japan.co.jp/_master/acre/themes/030-L25/imgs/t0-b-lv4H-numIcon__icon/point/bg.png]
[www.jbc-japan.co.jp/_master/acre/themes/030-L25/imgs/t0-b-lv4H-numIcon__icon/riyu/bg.png]
[www.jbc-japan.co.jp/_master/acre/themes/030-L25/imgs/t0-b-lv4H-numIcon__icon/tokucho/bg.png]
[www.jbc-japan.co.jp/_master/acre/themes/030-L25/imgs/t0-b-lv4H-numIcon__icon/tokucho2/bg.png]
[www.jbc-japan.co.jp/_master/acre/themes/030-L25/imgs/t0-b-lv4H-numIcon__icon/tsuyomi/bg.png]
[www.jbc-japan.co.jp/_master/acre/themes/030-L25/imgs/t0-b-lv4H-numIcon__icon/step/bg.png]
[www.jbc-japan.co.jp/_master/acre/themes/030-L25/imgs/t0-b-frameWithHCaptionNumIcon/1/bg7.png]
[www.jbc-japan.co.jp/_master/acre/themes/030-L25/imgs/t0-b-frameWithHCaptionNumIcon/1/bg9.png]
[www.jbc-japan.co.jp/_master/acre/themes/030-L25/imgs/t0-b-frameWithHCaptionNumIcon/1/bg8.png]
[www.jbc-japan.co.jp/_master/acre/themes/030-L25/imgs/t0-b-frameWithHCaptionNumIcon/1/bg.png]
[www.jbc-japan.co.jp/_master/acre/themes/030-L25/imgs/t0-b-frameWithHCaptionNumIcon/1/bg2.png]
[www.jbc-japan.co.jp/_master/acre/themes/030-L25/imgs/t0-b-frameWithHCaptionNumIcon/1/bg3.png]
[www.jbc-japan.co.jp/_master/acre/themes/030-L25/imgs/t0-b-frameWithHCaptionNumIcon/1/bg6.png]
[www.jbc-japan.co.jp/_master/acre/themes/030-L25/imgs/t0-b-frameWithHCaptionNumIcon/1/bg4.png]
[www.jbc-japan.co.jp/_master/acre/themes/030-L25/imgs/t0-b-frameWithHCaptionNumIcon/1/bg5.png]
[www.jbc-japan.co.jp/_master/acre/themes/030-L25/imgs/t0-b-lv4H-numIcon2__icon/anshin/bg.png]
[www.jbc-japan.co.jp/_master/acre/themes/030-L25/imgs/t0-b-lv4H-numIcon2__icon/concept/bg.png]
[www.jbc-japan.co.jp/_master/acre/themes/030-L25/imgs/t0-b-lv4H-numIcon2__icon/houshin/bg.png]
[www.jbc-japan.co.jp/_master/acre/themes/030-L25/imgs/t0-b-lv4H-numIcon2__icon/kodawari/bg.png]
[www.jbc-japan.co.jp/_master/acre/themes/030-L25/imgs/t0-b-lv4H-numIcon2__icon/merit/bg.png]
[www.jbc-japan.co.jp/_master/acre/themes/030-L25/imgs/t0-b-lv4H-numIcon2__icon/oyakusoku/bg.png]
[www.jbc-japan.co.jp/_master/acre/themes/030-L25/imgs/t0-b-lv4H-numIcon2__icon/point/bg.png]
[www.jbc-japan.co.jp/_master/acre/themes/030-L25/imgs/t0-b-lv4H-numIcon2__icon/riyu/bg.png]
[www.jbc-japan.co.jp/_master/acre/themes/030-L25/imgs/t0-b-lv4H-numIcon2__icon/tokucho/bg.png]
[www.jbc-japan.co.jp/_master/acre/themes/030-L25/imgs/t0-b-lv4H-numIcon2__icon/tokucho2/bg.png]
[www.jbc-japan.co.jp/_master/acre/themes/030-L25/imgs/t0-b-lv4H-numIcon2__icon/tsuyomi/bg.png]
[www.jbc-japan.co.jp/_master/acre/themes/030-L25/imgs/t0-b-lv4H-numIcon2__icon/step/bg.png]
[www.jbc-japan.co.jp/_master/acre/themes/030-L25/imgs/t0-b-twoColsMediaWithNumIcon/bg3.png]
[www.jbc-japan.co.jp/_master/acre/themes/030-L25/imgs/t0-b-frameWithHCaption/bg5.png]
[www.jbc-japan.co.jp/_master/acre/themes/030-L25/imgs/t0-b-frameWithHCaption/bg.png]
[www.jbc-japan.co.jp/_master/acre/themes/030-L25/imgs/t0-b-frameWithHCaption/bg2.png]
[www.jbc-japan.co.jp/_master/acre/themes/030-L25/imgs/t0-b-frameWithHCaption/bg3.png]
[www.jbc-japan.co.jp/_master/acre/themes/030-L25/imgs/t0-b-frameWithHCaption/bg4.png]
[www.jbc-japan.co.jp/_master/acre/themes/030-L25/imgs/t0-b-frameWithHCaption/bg6.png]
[www.jbc-japan.co.jp/_master/acre/themes/030-L25/imgs/t0-b-frameWithHCaption/bg7.png]
[www.jbc-japan.co.jp/_master/acre/themes/030-L25/imgs/t0-b-frameWithHCaption/bg8.png]
[www.jbc-japan.co.jp/_master/acre/themes/030-L25/imgs/t0-b-frameWithHCaption/bg9.png]
[www.jbc-japan.co.jp/_master/acre/themes/030-L25/imgs/t0-b-frameWithHCaption/bg18.png]
[www.jbc-japan.co.jp/_master/acre/themes/030-L25/imgs/t0-b-frameWithHCaption/bg10.png]
[www.jbc-japan.co.jp/_master/acre/themes/030-L25/imgs/t0-b-frameWithHCaption/bg11.png]
[www.jbc-japan.co.jp/_master/acre/themes/030-L25/imgs/t0-b-frameWithHCaption/bg12.png]
[www.jbc-japan.co.jp/_master/acre/themes/030-L25/imgs/t0-b-frameWithHCaption/bg13.png]
[www.jbc-japan.co.jp/_master/acre/themes/030-L25/imgs/t0-b-frameWithHCaption/bg14.png]
[www.jbc-japan.co.jp/_master/acre/themes/030-L25/imgs/t0-b-frameWithHCaption/bg15.png]
[www.jbc-japan.co.jp/_master/acre/themes/030-L25/imgs/t0-b-frameWithHCaption/bg16.png]
[www.jbc-japan.co.jp/_master/acre/themes/030-L25/imgs/t0-b-serviceSet/2/bg.png]
[www.jbc-japan.co.jp/_master/acre/themes/030-L25/imgs/t0-b-articleDecoration/bg.png]
[www.jbc-japan.co.jp/_master/acre/themes/030-L25/imgs/t0-b-serviceSet/1/bg4.png]
[www.jbc-japan.co.jp/_master/acre/themes/030-L25/imgs/t0-b-serviceSet/1/bg.png]
[www.jbc-japan.co.jp/_master/acre/themes/030-L25/imgs/t0-b-serviceSet/1/bg2.png]
[www.jbc-japan.co.jp/_master/acre/themes/030-L25/imgs/t0-b-serviceSet/1/bg3.png]
[www.jbc-japan.co.jp/_master/acre/themes/030-L25/imgs/t0-b-serviceSet/1/bg5.png]
[www.jbc-japan.co.jp/_master/acre/themes/030-L25/imgs/t0-b-serviceSet/1/bg6.png]
[www.jbc-japan.co.jp/_master/acre/themes/030-L25/imgs/t0-b-serviceSet/1/bg7.png]
[www.jbc-japan.co.jp/_master/acre/themes/030-L25/imgs/t0-b-serviceSet/1/bg8.png]
[www.jbc-japan.co.jp/_master/acre/themes/030-L25/imgs/t0-b-serviceSet/1/bg9.png]
[www.jbc-japan.co.jp/_master/acre/themes/030-L25/imgs/t0-b-serviceSet/1/bg10.png]
[www.jbc-japan.co.jp/_master/acre/themes/030-L25/imgs/t0-b-serviceSet/1/bg11.png]
[www.jbc-japan.co.jp/_master/acre/themes/030-L25/imgs/t0-b-serviceSet/1/bg12.png]
[www.jbc-japan.co.jp/_master/acre/themes/030-L25/imgs/t0-b-serviceSet/1/bg13.png]
[www.jbc-japan.co.jp/_master/acre/themes/030-L25/imgs/t0-b-serviceSet/1/bg14.png]
[www.jbc-japan.co.jp/_master/acre/themes/030-L25/imgs/b-downloadIcon/pdf.png]
[www.jbc-japan.co.jp/_master/acre/themes/030-L25/imgs/b-downloadIcon/doc.png]
[www.jbc-japan.co.jp/_master/acre/themes/030-L25/imgs/b-downloadIcon/xls.png]
[www.jbc-japan.co.jp/_master/acre/themes/030-L25/imgs/b-downloadIcon/img.png]
[www.jbc-japan.co.jp/_master/acre/themes/030-L25/imgs/t0-b-frame/bg.png]
[www.jbc-japan.co.jp/_master/acre/themes/030-L25/imgs/t0-b-arrow/bg2.png]
[www.jbc-japan.co.jp/_master/acre/themes/030-L25/imgs/t0-b-flowLeftToRight/bg.png]
[www.jbc-japan.co.jp/_master/acre/themes/030-L25/imgs/b-breadcrumbs/bg.png]
[www.jbc-japan.co.jp/_master/acre/themes/030-L25/imgs/t0-b-goToTop/bg.png]
[www.jbc-japan.co.jp/_master/acre/themes/030-L25/imgs/t0-b-navList/bg.png]
[www.jbc-japan.co.jp/_master/acre/themes/030-L25/imgs/t0-b-navList/bg2.png]
[www.jbc-japan.co.jp/_master/acre/themes/030-L25/imgs/t0-b-navList/bg3.png]
[www.jbc-japan.co.jp/_master/acre/themes/030-L25/imgs/t0-b-orderedList/bg.png]
[www.jbc-japan.co.jp/_master/acre/themes/030-L25/imgs/t0-b-catchText/bg5.png]
[www.jbc-japan.co.jp/_master/acre/themes/030-L25/imgs/t0-b-catchText/bg.png]
[www.jbc-japan.co.jp/_master/acre/themes/030-L25/imgs/t0-b-catchText/bg2.png]
[www.jbc-japan.co.jp/_master/acre/themes/030-L25/imgs/t0-b-catchText/bg3.png]
[www.jbc-japan.co.jp/_master/acre/themes/030-L25/imgs/t0-b-catchText/bg4.png]
[www.jbc-japan.co.jp/_master/acre/themes/030-L25/imgs/t0-b-catchText/bg6.png]
[www.jbc-japan.co.jp/_master/acre/themes/030-L25/imgs/t0-b-catchText/bg8.png]
[www.jbc-japan.co.jp/_master/acre/themes/030-L25/imgs/t0-b-catchText/bg7.png]
[www.jbc-japan.co.jp/_master/acre/themes/030-L25/imgs/t0-b-lv1H-mainH/bg.png]
[www.jbc-japan.co.jp/_master/acre/themes/030-L25/imgs/t0-b-lv1H-mainH/bg11.png]
[www.jbc-japan.co.jp/_master/acre/themes/030-L25/imgs/t0-b-lv1H-mainH/bg7.png]
[www.jbc-japan.co.jp/_master/acre/themes/030-L25/imgs/t0-b-lv1H-mainH/bg8.png]
[www.jbc-japan.co.jp/_master/acre/themes/030-L25/imgs/t0-b-lv1H-mainH/bg9.png]
[www.jbc-japan.co.jp/_master/acre/themes/030-L25/imgs/t0-b-lv1H-mainH/bg10.png]
[www.jbc-japan.co.jp/_master/acre/themes/030-L25/imgs/t0-b-lv1H-mainH/bg6.png]
[www.jbc-japan.co.jp/_master/acre/themes/030-L25/imgs/t0-b-lv2H/bg.png]
[www.jbc-japan.co.jp/_master/acre/themes/030-L25/imgs/t0-b-lv2H/bg2.png]
[www.jbc-japan.co.jp/_master/acre/themes/030-L25/imgs/t0-b-lv2H/bg3.png]
[www.jbc-japan.co.jp/_master/acre/themes/030-L25/imgs/t0-b-lv2H/bg4.png]
[www.jbc-japan.co.jp/_master/acre/themes/030-L25/imgs/t0-b-lv2H/bg5.png]
[www.jbc-japan.co.jp/_master/acre/themes/030-L25/imgs/t0-b-lv3H/bg.png]
[www.jbc-japan.co.jp/_master/acre/themes/030-L25/imgs/t0-b-lv3H/bg2.png]
[www.jbc-japan.co.jp/_master/acre/themes/030-L25/imgs/t0-b-lv3H/bg3.png]
[www.jbc-japan.co.jp/_master/acre/themes/030-L25/imgs/t0-b-lv4H/bg7.png]
[www.jbc-japan.co.jp/_master/acre/themes/030-L25/imgs/t0-b-lv4H/bg8.png]
[www.jbc-japan.co.jp/_master/acre/themes/030-L25/imgs/t0-b-lv4H/bg14.png]
[www.jbc-japan.co.jp/_master/acre/themes/030-L25/imgs/t0-b-lv4H/bg2.png]
[www.jbc-japan.co.jp/_master/acre/themes/030-L25/imgs/t0-b-lv4H/bg3.png]
[www.jbc-japan.co.jp/_master/acre/themes/030-L25/imgs/t0-b-lv4H/bg4.png]
[www.jbc-japan.co.jp/_master/acre/themes/030-L25/imgs/t0-b-lv5H/bg4.png]
[www.jbc-japan.co.jp/_master/acre/themes/030-L25/imgs/t0-b-lv5H/bg.png]
[www.jbc-japan.co.jp/_master/acre/themes/030-L25/imgs/t0-b-navItem/bg48.png]
[www.jbc-japan.co.jp/_master/acre/themes/030-L25/imgs/t0-b-navItem/bg47.png]
[www.jbc-japan.co.jp/_master/acre/themes/030-L25/imgs/t0-b-navItem/bg7.png]
[www.jbc-japan.co.jp/_master/acre/themes/030-L25/imgs/t0-b-navItem/bg6.png]
[www.jbc-japan.co.jp/_master/acre/themes/030-L25/imgs/t0-b-navItem/bg44.png]
[www.jbc-japan.co.jp/_master/acre/themes/030-L25/imgs/t0-b-navItem/bg2.png]
[www.jbc-japan.co.jp/_master/acre/themes/030-L25/imgs/t0-b-navItem/bg20.png]
[www.jbc-japan.co.jp/_master/acre/themes/030-L25/imgs/t0-b-navItem/bg22.png]
[www.jbc-japan.co.jp/_master/acre/themes/030-L25/imgs/t0-b-navItem/bg21.png]
[www.jbc-japan.co.jp/_master/acre/themes/030-L25/imgs/t0-b-line/bg.png]
[www.jbc-japan.co.jp/_master/acre/themes/030-L25/imgs/t0-b-line/bg2.png]
[www.jbc-japan.co.jp/_master/acre/themes/030-L25/imgs/t0-b-iconText/tel.png]
[www.jbc-japan.co.jp/_master/acre/themes/030-L25/imgs/t0-b-iconText/fax.png]
[www.jbc-japan.co.jp/_master/acre/themes/030-L25/imgs/t0-b-iconText/free.png]
[www.jbc-japan.co.jp/_master/acre/themes/030-L25/imgs/t0-b-iconText/cell.png]
[www.jbc-japan.co.jp/_master/acre/themes/030-L25/imgs/t0-b-iconText/tel2.svg]
[www.jbc-japan.co.jp/_master/acre/themes/030-L25/imgs/t0-b-iconText/free2.svg]
[www.jbc-japan.co.jp/_master/acre/themes/030-L25/imgs/t0-b-iconText/cell2.svg]
[www.jbc-japan.co.jp/_master/acre/themes/030-L25/imgs/t0-b-iconText-mail/bg.png]
[www.jbc-japan.co.jp/_master/acre/themes/030-L25/imgs/t0-b-priceTable/bg.png]
[www.jbc-japan.co.jp/_master/acre/themes/030-L25/imgs/t0-b-iconText/fax3.svg]
[www.jbc-japan.co.jp/_master/acre/themes/030-L25/imgs/t0-b-lv2H-faqIcon/bg5.png]
[www.jbc-japan.co.jp/_master/acre/themes/030-L25/imgs/t0-b-lv2H-faqIcon/bg6.png]
[www.jbc-japan.co.jp/_master/acre/themes/030-L25/imgs/t0-b-lv2H-faqIcon/bg7.png]
[www.jbc-japan.co.jp/_master/acre/themes/030-L25/imgs/t0-b-lv2H-faqIcon/bg.png]
[www.jbc-japan.co.jp/_master/acre/themes/030-L25/imgs/t0-b-lv2H-faqIcon/bg3.png]
[www.jbc-japan.co.jp/_master/acre/themes/030-L25/imgs/t0-b-lv4H-caseIcon/1.png]
[www.jbc-japan.co.jp/_master/acre/themes/030-L25/imgs/t0-b-lv4H-caseIcon/2.png]
[www.jbc-japan.co.jp/_master/acre/themes/030-L25/imgs/t0-b-lv4H-voiceIcon/1.png]
[www.jbc-japan.co.jp/_master/acre/themes/030-L25/imgs/t0-b-lv4H-voiceIcon/2.png]
[www.jbc-japan.co.jp/_master/acre/themes/030-L25/imgs/t0-b-lv4H-Iconq/bg.png]
[www.jbc-japan.co.jp/_master/acre/themes/030-L25/imgs/t0-b-lv4H-Iconq/bg2.png]
[www.jbc-japan.co.jp/_master/acre/themes/030-L25/imgs/t0-b-lv4H-Icona/bg.png]
[www.jbc-japan.co.jp/_master/acre/themes/030-L25/imgs/t0-b-lv4H-Icona/bg2.png]
[www.jbc-japan.co.jp/_master/acre/themes/030-L25/imgs/t0-b-lv4H-num2Icon__icon/number/1.png]
[www.jbc-japan.co.jp/_master/acre/themes/030-L25/imgs/t0-b-lv4H-num2Icon__icon/number/2.png]
[www.jbc-japan.co.jp/_master/acre/themes/030-L25/imgs/t0-b-lv4H-num2Icon__icon/number/3.png]
[www.jbc-japan.co.jp/_master/acre/themes/030-L25/imgs/t0-b-lv4H-num2Icon__icon/number/4.png]
[www.jbc-japan.co.jp/_master/acre/themes/030-L25/imgs/t0-b-lv4H-num2Icon__icon/number/5.png]
[www.jbc-japan.co.jp/_master/acre/themes/030-L25/imgs/t0-b-lv4H-num2Icon__icon/number/6.png]
[www.jbc-japan.co.jp/_master/acre/themes/030-L25/imgs/t0-b-lv4H-num2Icon__icon/number/7.png]
[www.jbc-japan.co.jp/_master/acre/themes/030-L25/imgs/t0-b-lv4H-num2Icon__icon/number/8.png]
[www.jbc-japan.co.jp/_master/acre/themes/030-L25/imgs/t0-b-lv4H-num2Icon__icon/number/9.png]
[www.jbc-japan.co.jp/_master/acre/themes/030-L25/imgs/t0-b-lv4H-num2Icon__icon/number/10.png]
[www.jbc-japan.co.jp/_master/acre/themes/030-L25/imgs/t0-b-lv4H-num2Icon2__icon/number/1.png]
[www.jbc-japan.co.jp/_master/acre/themes/030-L25/imgs/t0-b-lv4H-num2Icon2__icon/number/2.png]
[www.jbc-japan.co.jp/_master/acre/themes/030-L25/imgs/t0-b-lv4H-num2Icon2__icon/number/3.png]
[www.jbc-japan.co.jp/_master/acre/themes/030-L25/imgs/t0-b-lv4H-num2Icon2__icon/number/4.png]
[www.jbc-japan.co.jp/_master/acre/themes/030-L25/imgs/t0-b-lv4H-num2Icon2__icon/number/5.png]
[www.jbc-japan.co.jp/_master/acre/themes/030-L25/imgs/t0-b-lv4H-num2Icon2__icon/number/6.png]
[www.jbc-japan.co.jp/_master/acre/themes/030-L25/imgs/t0-b-lv4H-num2Icon2__icon/number/7.png]
[www.jbc-japan.co.jp/_master/acre/themes/030-L25/imgs/t0-b-lv4H-num2Icon2__icon/number/8.png]
[www.jbc-japan.co.jp/_master/acre/themes/030-L25/imgs/t0-b-lv4H-num2Icon2__icon/number/9.png]
[www.jbc-japan.co.jp/_master/acre/themes/030-L25/imgs/t0-b-lv4H-num2Icon2__icon/number/10.png]
[www.jbc-japan.co.jp/_master/acre/themes/030-L25/imgs/t0-b-arrow/bg.png]
[www.jbc-japan.co.jp/_master/acre/themes/030-L25/imgs/t0-b-lv4H/bg12.png]
[www.jbc-japan.co.jp/_master/acre/themes/030-L25/imgs/t0-b-lv4H/bg11.png]
[www.jbc-japan.co.jp/_master/acre/themes/030-L25/imgs/t0-b-lv4H/bg6.png]
[www.jbc-japan.co.jp/_master/acre/themes/030-L25/imgs/t0-b-lv4H/bg13.png]
[www.jbc-japan.co.jp/_master/acre/themes/030-L25/imgs/t0-b-navItem/bg.png]
[www.jbc-japan.co.jp/_master/acre/themes/030-L25/imgs/t0-b-navItem/bg5.png]
[www.jbc-japan.co.jp/_master/acre/themes/030-L25/imgs/t0-b-navItem/bg24.png]
[www.jbc-japan.co.jp/_master/acre/themes/030-L25/imgs/t0-b-navItem/bg25.png]
[www.jbc-japan.co.jp/_master/acre/themes/030-L25/imgs/t0-b-navItem/bg26.png]
[www.jbc-japan.co.jp/_master/acre/themes/030-L25/imgs/t0-b-navItem/bg27.png]
[www.jbc-japan.co.jp/_master/acre/themes/030-L25/imgs/t0-b-navItem/bg28.png]
[www.jbc-japan.co.jp/_master/acre/themes/030-L25/imgs/t0-b-navItem/bg29.png]
[www.jbc-japan.co.jp/_master/acre/themes/030-L25/imgs/t0-b-navItem/bg30.png]
[www.jbc-japan.co.jp/_master/acre/themes/030-L25/imgs/t0-b-navItem/bg31.png]
[www.jbc-japan.co.jp/_master/acre/themes/030-L25/imgs/t0-b-navItem/bg32.png]
[www.jbc-japan.co.jp/_master/acre/themes/030-L25/imgs/t0-b-navItem/bg33.png]
[www.jbc-japan.co.jp/_master/acre/themes/030-L25/imgs/t0-b-navItem/bg34.png]
[www.jbc-japan.co.jp/_master/acre/themes/030-L25/imgs/t0-b-navItem/bg35.png]
[www.jbc-japan.co.jp/_master/acre/themes/030-L25/imgs/t0-b-navItem/bg36.png]
[www.jbc-japan.co.jp/_master/acre/themes/030-L25/imgs/t0-b-navItem/bg37.png]
[www.jbc-japan.co.jp/_master/acre/themes/030-L25/imgs/t0-b-navItem/bg38.png]
[www.jbc-japan.co.jp/_master/acre/themes/030-L25/imgs/t0-b-navItem/bg39.png]
[www.jbc-japan.co.jp/_master/acre/themes/030-L25/imgs/t0-b-navItem/bg40.png]
[www.jbc-japan.co.jp/_master/acre/themes/030-L25/imgs/t0-b-navItem/bg41.png]
[www.jbc-japan.co.jp/_master/acre/themes/030-L25/imgs/t0-b-navItem/bg42.png]
[www.jbc-japan.co.jp/_master/acre/themes/030-L25/imgs/t0-b-navItem/bg43.svg]
[www.jbc-japan.co.jp/_master/acre/themes/030-L25/imgs/t0-b-navItem/bg8.png]
[www.jbc-japan.co.jp/_master/acre/themes/030-L25/imgs/t0-b-navItem/bg9.png]
[www.jbc-japan.co.jp/_master/acre/themes/030-L25/imgs/t0-b-navItem/bg10.png]
[www.jbc-japan.co.jp/_master/acre/themes/030-L25/imgs/t0-b-navItem/bg11.png]
[www.jbc-japan.co.jp/_master/acre/themes/030-L25/imgs/t0-b-navItem/bg14.png]
[www.jbc-japan.co.jp/_master/acre/themes/030-L25/imgs/t0-b-navItem/bg12.png]
[www.jbc-japan.co.jp/_master/acre/themes/030-L25/imgs/t0-b-navItem/bg13.png]
[www.jbc-japan.co.jp/_master/acre/themes/030-L25/imgs/t0-b-navItem/bg45.png]
[www.jbc-japan.co.jp/_master/acre/themes/030-L25/imgs/t0-b-navItem/bg46.png]
[www.jbc-japan.co.jp/_master/acre/themes/030-L25/imgs/t0-b-navItem/bg4.png]
[www.jbc-japan.co.jp/_master/acre/themes/030-L25/imgs/t0-b-navItem/bg3.png]
[www.jbc-japan.co.jp/_master/acre/themes/030-L25/imgs/t0-b-navItem/bg18.png]
[www.jbc-japan.co.jp/_master/acre/themes/030-L25/imgs/t0-b-navItem/bg19.png]
[www.jbc-japan.co.jp/_master/acre/themes/030-L25/imgs/t0-b-navItem/bg17.png]
[www.jbc-japan.co.jp/_master/acre/themes/030-L25/imgs/b-downloadIcon/reader.png]
[www.jbc-japan.co.jp/_master/acre/themes/030-L25/imgs/t0-b-articleDecoration/bg2.png]
[www.jbc-japan.co.jp/_master/acre/themes/030-L25/imgs/t0-b-articleDecoration/bg3.png]
[www.jbc-japan.co.jp/_master/acre/themes/030-L25/imgs/t0-b-articleDecoration/bg4.png]
[www.jbc-japan.co.jp/_master/acre/themes/030-L25/imgs/t0-b-articleDecoration/bg5.png]
[www.jbc-japan.co.jp/_master/acre/themes/030-L25/imgs/t0-b-articleDecoration/bg6.png]
[www.jbc-japan.co.jp/_master/acre/themes/030-L25/imgs/t0-b-articleDecoration/bg7.png]
[www.jbc-japan.co.jp/_master/acre/themes/030-L25/imgs/t0-b-articleDecoration/bg8.png]
[www.jbc-japan.co.jp/_master/acre/themes/030-L25/imgs/t0-b-articleDecoration/bg9.png]
[www.jbc-japan.co.jp/_master/acre/themes/030-L25/imgs/t0-b-articleDecoration/bg11.png]
[www.jbc-japan.co.jp/_master/acre/themes/030-L25/imgs/t0-b-articleDecoration/bg12.png]
[www.jbc-japan.co.jp/_master/acre/themes/030-L25/imgs/t0-b-articleDecoration/bg10.png]
[www.jbc-japan.co.jp/_master/acre/themes/030-L25/imgs/t0-b-formTable/1/bg5.png]
[www.jbc-japan.co.jp/_master/acre/themes/030-L25/imgs/t0-b-formTable/1/bg6.png]
[www.jbc-japan.co.jp/_master/acre/themes/030-L25/imgs/t0-b-formTable/1/bg7.png]
[www.jbc-japan.co.jp/_master/acre/themes/030-L25/imgs/t0-b-formTable/1/bg8.png]
[www.jbc-japan.co.jp/_master/acre/themes/030-L25/imgs/t0-b-formTable/1/bg.png]
[www.jbc-japan.co.jp/_master/acre/themes/030-L25/imgs/t0-b-formTable/1/bg2.png]
[www.jbc-japan.co.jp/_master/acre/themes/030-L25/imgs/t0-b-formTable/1/bg3.png]
[www.jbc-japan.co.jp/_master/acre/themes/030-L25/imgs/t0-b-formTable/1/bg4.png]
[www.jbc-japan.co.jp/_master/acre/themes/030-L25/imgs/t0-b-formTable/1/bg13.png]
[www.jbc-japan.co.jp/_master/acre/themes/030-L25/imgs/t0-b-formTable/1/bg14.png]
[www.jbc-japan.co.jp/_master/acre/themes/030-L25/imgs/t0-b-formTable/1/bg15.png]
[www.jbc-japan.co.jp/_master/acre/themes/030-L25/imgs/t0-b-formTable/1/bg16.png]
[www.jbc-japan.co.jp/_master/acre/themes/030-L25/imgs/t0-b-formTable/1/bg9.png]
[www.jbc-japan.co.jp/_master/acre/themes/030-L25/imgs/t0-b-formTable/1/bg10.png]
[www.jbc-japan.co.jp/_master/acre/themes/030-L25/imgs/t0-b-formTable/1/bg11.png]
[www.jbc-japan.co.jp/_master/acre/themes/030-L25/imgs/t0-b-formTable/1/bg12.png]
[www.jbc-japan.co.jp/_master/acre/themes/030-L25/imgs/t0-b-formTable/2/bg5.png]
[www.jbc-japan.co.jp/_master/acre/themes/030-L25/imgs/t0-b-formTable/2/bg6.png]
[www.jbc-japan.co.jp/_master/acre/themes/030-L25/imgs/t0-b-formTable/2/bg7.png]
[www.jbc-japan.co.jp/_master/acre/themes/030-L25/imgs/t0-b-formTable/2/bg8.png]
[www.jbc-japan.co.jp/_master/acre/themes/030-L25/imgs/t0-b-formTable/2/bg.png]
[www.jbc-japan.co.jp/_master/acre/themes/030-L25/imgs/t0-b-formTable/2/bg2.png]
[www.jbc-japan.co.jp/_master/acre/themes/030-L25/imgs/t0-b-formTable/2/bg3.png]
[www.jbc-japan.co.jp/_master/acre/themes/030-L25/imgs/t0-b-formTable/2/bg4.png]
[www.jbc-japan.co.jp/_master/acre/themes/030-L25/imgs/t0-b-formTable/2/bg13.png]
[www.jbc-japan.co.jp/_master/acre/themes/030-L25/imgs/t0-b-formTable/2/bg14.png]
[www.jbc-japan.co.jp/_master/acre/themes/030-L25/imgs/t0-b-formTable/2/bg15.png]
[www.jbc-japan.co.jp/_master/acre/themes/030-L25/imgs/t0-b-formTable/2/bg16.png]
[www.jbc-japan.co.jp/_master/acre/themes/030-L25/imgs/t0-b-formTable/2/bg9.png]
[www.jbc-japan.co.jp/_master/acre/themes/030-L25/imgs/t0-b-formTable/2/bg10.png]
[www.jbc-japan.co.jp/_master/acre/themes/030-L25/imgs/t0-b-formTable/2/bg11.png]
[www.jbc-japan.co.jp/_master/acre/themes/030-L25/imgs/t0-b-formTable/2/bg12.png]
[www.jbc-japan.co.jp/_master/acre/themes/030-L25/imgs/t0-b-navItem/bg23.png]
[www.jbc-japan.co.jp/_master/acre/themes/030-L25/imgs/t0-b-sideBoxLv1H/bg2.png]
[www.jbc-japan.co.jp/_master/acre/themes/030-L25/imgs/t0-b-sideBoxLv1H/bg.png]
[www.jbc-japan.co.jp/_master/acre/themes/030-L25/imgs/t0-b-sideBoxLv1H/bg5.png]
[www.jbc-japan.co.jp/_master/acre/themes/030-L25/imgs/t0-b-sideBoxLv1H/bg6.png]
[www.jbc-japan.co.jp/_master/acre/themes/030-L25/imgs/t0-b-sideBoxLv1H/bg7.png]
[www.jbc-japan.co.jp/_master/acre/themes/030-L25/imgs/t0-b-sideBoxLv1H/bg8.png]
[www.jbc-japan.co.jp/_master/acre/themes/030-L25/imgs/t0-b-sideBoxLv1H/bg9.png]
[www.jbc-japan.co.jp/_master/acre/themes/030-L25/imgs/t0-b-sideBoxLv2H/bg.png]
[www.jbc-japan.co.jp/_master/acre/themes/030-L25/imgs/t0-b-sideBoxList/bg.png]
[www.jbc-japan.co.jp/_master/acre/themes/030-L25/imgs/t0-b-iconText-mail/bg2.png]
[www.jbc-japan.co.jp/_master/acre/themes/030-L25/imgs/t0-b-sideBoxLabeledList/bg.png]
[www.jbc-japan.co.jp/_master/acre/themes/030-L25/imgs/b-sideMenu/1/bg7.png]
[www.jbc-japan.co.jp/_master/acre/themes/030-L25/imgs/b-sideMenu/1/bg.png]
[www.jbc-japan.co.jp/_master/acre/themes/030-L25/imgs/b-sideMenu/1/bg2.png]
[www.jbc-japan.co.jp/_master/acre/themes/030-L25/imgs/b-sideMenu/1/bg3.png]
[www.jbc-japan.co.jp/_master/acre/themes/030-L25/imgs/b-sideMenu/1/bg8.png]
[www.jbc-japan.co.jp/_master/acre/themes/030-L25/imgs/b-sideMenu/1/bg4.png]
[www.jbc-japan.co.jp/_master/acre/themes/030-L25/imgs/b-sideMenu/2/bg9.png]
[www.jbc-japan.co.jp/_master/acre/themes/030-L25/imgs/b-sideMenu/1/bg6.png]
[www.jbc-japan.co.jp/_master/acre/themes/030-L25/imgs/b-sideMenu/1/bg9.png]
[www.jbc-japan.co.jp/_master/acre/themes/030-L25/imgs/b-sideMenu/1/bg5.png]
[www.jbc-japan.co.jp/_master/acre/themes/030-L25/imgs/t0-b-sideBox/2/bg2.png]
[www.jbc-japan.co.jp/_master/acre/themes/030-L25/imgs/b-sideMenu/2/bg2.png]
[www.jbc-japan.co.jp/_master/acre/themes/030-L25/imgs/b-sideMenu/2/bg3.png]
[www.jbc-japan.co.jp/_master/acre/themes/030-L25/imgs/b-sideMenu/2/bg4.png]
[www.jbc-japan.co.jp/_master/acre/themes/030-L25/imgs/b-sideMenu/2/bg5.png]
[www.jbc-japan.co.jp/_master/acre/themes/030-L25/imgs/b-sideMenu/2/bg.png]
[www.jbc-japan.co.jp/_master/acre/themes/030-L25/imgs/b-sideMenu/2/bg6.png]
[www.jbc-japan.co.jp/_master/acre/themes/030-L25/imgs/b-sideMenu/2/bg8.png]
[www.jbc-japan.co.jp/_master/acre/themes/030-L25/imgs/b-sideMenu/2/bg11.png]
[www.jbc-japan.co.jp/_master/acre/themes/030-L25/imgs/b-sideMenu/2/bg10.png]
[www.jbc-japan.co.jp/_master/acre/themes/030-L25/imgs/b-sideMenu/2/bg7.png]
[www.jbc-japan.co.jp/_master/acre/themes/030-L25/imgs/b-sideMenu/2/bg12.png]
[www.jbc-japan.co.jp/_master/acre/themes/030-L25/imgs/t0-b-sideBox/1/bg.png]
[www.jbc-japan.co.jp/_master/acre/themes/030-L25/imgs/t0-b-sideBox/1/bg3.png]
[www.jbc-japan.co.jp/_master/acre/themes/030-L25/imgs/t0-b-sideBox/1/bg2.png]
[www.jbc-japan.co.jp/_master/acre/themes/030-L25/imgs/t0-b-sideBox/2/bg.png]
[www.jbc-japan.co.jp/_master/acre/themes/030-L25/imgs/t0-b-sideBox/2/bg3.png]
[www.jbc-japan.co.jp/_master/acre/themes/030-L25/imgs/t0-b-lv1H-pageH/bg5.png]
[www.jbc-japan.co.jp/_master/acre/themes/030-L25/imgs/t0-b-lv1H-pageH/bg2.png]
[www.jbc-japan.co.jp/_master/acre/themes/030-L25/imgs/t0-b-lv1H-pageH/bg3.png]
[www.jbc-japan.co.jp/_master/acre/themes/030-L25/imgs/t0-b-lv1H-pageH/bg4.png]
[www.jbc-japan.co.jp/_master/acre/themes/030-L25/imgs/t0-b-lv1H-pageH/bg6.png]
[www.jbc-japan.co.jp/_master/acre/themes/030-L25/imgs/t0-b-lv1H-pageH/bg7.png]
[www.jbc-japan.co.jp/_master/acre/themes/030-L25/imgs/t0-b-headerMenu/bg2.png]
[www.jbc-japan.co.jp/_master/acre/themes/030-L25/imgs/t0-b-headerMenu/bg3.png]
[www.jbc-japan.co.jp/_master/acre/themes/030-L25/imgs/t0-b-headerUnit-contact-navB/bg5.png]
[www.jbc-japan.co.jp/_master/acre/themes/030-L25/imgs/t0-b-headerUnit-contact-navB/bg6.png]
[www.jbc-japan.co.jp/_master/acre/themes/030-L25/imgs/t0-b-headerUnit-contact-navB/bg7.png]
[www.jbc-japan.co.jp/_master/acre/themes/030-L25/imgs/t0-b-headerUnit-contact-navB/bg8.png]
[www.jbc-japan.co.jp/_master/acre/themes/030-L25/imgs/t0-b-headerUnit-contact-navB/bg.png]
[www.jbc-japan.co.jp/_master/acre/themes/030-L25/imgs/t0-b-headerUnit-contact-navB/bg2.png]
[www.jbc-japan.co.jp/_master/acre/themes/030-L25/imgs/t0-b-headerUnit-contact-navB/bg3.png]
[www.jbc-japan.co.jp/_master/acre/themes/030-L25/imgs/t0-b-headerUnit-contact-navB/bg4.png]
[www.jbc-japan.co.jp/_master/acre/themes/030-L25/imgs/t0-b-headerUnit-contact-navB/bg9.png]
[www.jbc-japan.co.jp/_master/acre/themes/030-L25/imgs/t0-b-navItem/bg16.png]
[www.jbc-japan.co.jp/_master/acre/themes/030-L25/imgs/t0-b-headerUnit-miniCol/bg.png]
[www.jbc-japan.co.jp/_master/acre/themes/030-L25/imgs/t0-b-headerUnit-miniCol/bg2.png]
[www.jbc-japan.co.jp/_master/acre/themes/030-L25/imgs/t0-b-headerUnit-miniCol/bg3.png]
[www.jbc-japan.co.jp/_master/acre/themes/030-L25/imgs/t0-b-headerUnit-miniCol/bg4.png]
[www.jbc-japan.co.jp/_master/acre/themes/030-L25/imgs/t0-b-headerUnit-miniCol/bg5.png]
[www.jbc-japan.co.jp/_master/acre/themes/030-L25/imgs/t0-b-footerUnit-navList/bg.png]
[www.jbc-japan.co.jp/_master/acre/themes/030-L25/imgs/t0-b-navItem/bg15.png]
[www.jbc-japan.co.jp/_master/acre/themes/030-L25/imgs/t0-b-navItem/bg49.png]
[www.jbc-japan.co.jp/_master/acre/themes/030-L25/imgs/t0-b-footerUnit-lv1H/bg.png]
[www.jbc-japan.co.jp/_master/acre/themes/030-L25/imgs/t0-b-menuPanel/01/01.svg]
[www.jbc-japan.co.jp/_master/acre/themes/030-L25/imgs/footerFloatingUnit-navBItem/01/tel.svg]
[www.jbc-japan.co.jp/_master/acre/themes/030-L25/imgs/footerFloatingUnit-navBItem/01/free.svg]
[www.jbc-japan.co.jp/_master/acre/themes/030-L25/imgs/footerFloatingUnit-navBItem/01/cell.svg]
[www.jbc-japan.co.jp/_master/acre/themes/030-L25/imgs/footerFloatingUnit-navBItem/01/mail.svg]
[www.jbc-japan.co.jp/_master/acre/themes/030-L25/imgs/footerFloatingUnit-navBItem/01/calendar.svg]
[www.jbc-japan.co.jp/_master/acre/themes/030-L25/imgs/footerFloatingUnit-navBItem/02/tel.svg]
[www.jbc-japan.co.jp/_master/acre/themes/030-L25/imgs/footerFloatingUnit-navBItem/02/free.svg]
[www.jbc-japan.co.jp/_master/acre/themes/030-L25/imgs/footerFloatingUnit-navBItem/02/cell.svg]
[www.jbc-japan.co.jp/_master/acre/themes/030-L25/imgs/footerFloatingUnit-navBItem/02/mail.svg]
[www.jbc-japan.co.jp/_master/acre/themes/030-L25/imgs/footerFloatingUnit-navBItem/02/calendar.svg]
[www.jbc-japan.co.jp/_master/acre/themes/030-L25/imgs/t0-b-frameWithHCaption/bg19.png]
[www.jbc-japan.co.jp/_master/acre/themes/030-L25/imgs/t0-b-articleDecoration/bg13.png]
[www.jbc-japan.co.jp/_master/acre/themes/030-L25/pc/themed057.css]
[www.jbc-japan.co.jp/cms_v2/_master/acre/common/css/noscript.css]
[www.jbc-japan.co.jp/_p/acre/9783/images/pc/01434b22.jpg]
[www.jbc-japan.co.jp/yoyaku.html]
[www.jbc-japan.co.jp/_p/acre/9783/images/pc/b47ea5ed.jpg]
[www.jbc-japan.co.jp/_p/acre/9783/images/pc/765b7d10.jpg]
[www.jbc-japan.co.jp/_p/acre/9783/images/pc/becfca3e.jpg]
[www.jbc-japan.co.jp/concept.html]
[www.jbc-japan.co.jp/_p/acre/9783/images/pc/45b09a9c.jpg]
[www.jbc-japan.co.jp/_p/acre/9783/images/pc/4b129287.jpg]
[www.jbc-japan.co.jp/_p/acre/9783/images/pc/2e901cc6.jpg]
[www.jbc-japan.co.jp/_p/acre/9783/images/pc/bf19751e.jpg]
[www.jbc-japan.co.jp/_p/acre/9783/images/pc/69eaa73c.png]
[www.jbc-japan.co.jp/_p/acre/9783/images/pc/1e6eb09a.jpg]
[www.jbc-japan.co.jp/_p/acre/9783/images/pc/cda4b021.jpg]
[www.jbc-japan.co.jp/_p/acre/9783/images/pc/a2a7b471.jpg]
[www.jbc-japan.co.jp/_p/acre/9783/images/pc/a5db480a.jpg]
[www.jbc-japan.co.jp/_p/acre/9783/images/pc/2c1845b4.png]
[www.jbc-japan.co.jp/_p/acre/9783/images/pc/ba80156d.png]
[www.jbc-japan.co.jp/service.html]
[www.jbc-japan.co.jp/tour.html]
[www.jbc-japan.co.jp/_p/acre/9783/images/pc/effcdaf9.jpg]
[www.jbc-japan.co.jp/contact.html]
[www.jbc-japan.co.jp/_p/acre/9783/images/pc/a7c3851c.jpg]
[www.jbc-japan.co.jp/_p/acre/9783/images/pc/b7709517.jpg]
[www.jbc-japan.co.jp/14702972908595.html]
[www.jbc-japan.co.jp/_p/acre/9783/images/pc/87f8b5b9.jpg]
[www.jbc-japan.co.jp/_p/acre/9783/images/pc/0c3a5314.jpg]
[www.jbc-japan.co.jp/_p/acre/9783/images/pc/ff3de144.jpg]
[www.jbc-japan.co.jp/_p/acre/9783/images/pc/5e464b6a.png]
[www.jbc-japan.co.jp/_p/acre/9783/documents/阪和体检all.pdf]
[www.jbc-japan.co.jp/_p/acre/9783/images/pc/59a815bc.png]
[www.jbc-japan.co.jp/_p/acre/9783/images/pc/0e1ee39c.png]
[www.jbc-japan.co.jp/_p/acre/9783/images/pc/2dbe7a57.png]
[www.jbc-japan.co.jp/_p/acre/9783/images/pc/eacf8cbe.png]
[www.jbc-japan.co.jp/14702973733284.html]
[www.jbc-japan.co.jp/_p/acre/9783/images/pc/be2ad7a9.png]
[www.jbc-japan.co.jp/_p/acre/9783/images/pc/9d98607c.jpg]
[www.jbc-japan.co.jp/_p/acre/9783/images/pc/6d507db1.png]
[www.jbc-japan.co.jp/14702973180342.html]
[www.jbc-japan.co.jp/_p/acre/9783/images/pc/86884906.jpg]
[www.jbc-japan.co.jp/_p/acre/9783/images/pc/9140e4d7.jpg]
[www.jbc-japan.co.jp/_p/acre/9783/images/pc/517ca6c2.jpg]
[www.jbc-japan.co.jp/flow.html]
[www.jbc-japan.co.jp/_p/acre/9783/images/pc/af5d9594.jpg]
[www.jbc-japan.co.jp/access.html]
[www.jbc-japan.co.jp/_master/acre/themes/030-L25/imgs/t0-b-iconText/tel2.svg]
[www.jbc-japan.co.jp/_master/acre/themes/030-L25/imgs/t0-b-iconText/fax3.svg]
[www.jbc-japan.co.jp/_master/acre/themes/030-L25/imgs/t0-b-iconText/free2.svg]
[www.jbc-japan.co.jp/_master/acre/themes/030-L25/imgs/t0-b-iconText/cell2.svg]
[www.jbc-japan.co.jp/_master/acre/themes/030-L25/imgs/t0-b-navItem/bg43.svg]
[www.jbc-japan.co.jp/_master/acre/themes/030-L25/imgs/t0-b-menuPanel/01/01.svg]
[www.jbc-japan.co.jp/_master/acre/themes/030-L25/imgs/footerFloatingUnit-navBItem/01/tel.svg]
[www.jbc-japan.co.jp/_master/acre/themes/030-L25/imgs/footerFloatingUnit-navBItem/01/free.svg]
[www.jbc-japan.co.jp/_master/acre/themes/030-L25/imgs/footerFloatingUnit-navBItem/01/cell.svg]
[www.jbc-japan.co.jp/_master/acre/themes/030-L25/imgs/footerFloatingUnit-navBItem/01/mail.svg]
[www.jbc-japan.co.jp/_master/acre/themes/030-L25/imgs/footerFloatingUnit-navBItem/01/calendar.svg]
[www.jbc-japan.co.jp/_master/acre/themes/030-L25/imgs/footerFloatingUnit-navBItem/02/tel.svg]
[www.jbc-japan.co.jp/_master/acre/themes/030-L25/imgs/footerFloatingUnit-navBItem/02/free.svg]
[www.jbc-japan.co.jp/_master/acre/themes/030-L25/imgs/footerFloatingUnit-navBItem/02/cell.svg]
[www.jbc-japan.co.jp/_master/acre/themes/030-L25/imgs/footerFloatingUnit-navBItem/02/mail.svg]
[www.jbc-japan.co.jp/_master/acre/themes/030-L25/imgs/footerFloatingUnit-navBItem/02/calendar.svg]
[www.jbc-japan.co.jp/14599939577284.html]
